Traceback (most recent call last):
  File "/mnt/hd1/jwsong/FinEmotionFusion/main.py", line 7, in <module>
    from src.audio_pipeline.audio_model import Wav2VecWrapper
  File "/mnt/hd1/jwsong/FinEmotionFusion/src/audio_pipeline/audio_model.py", line 3, in <module>
    from transformers import Wav2Vec2Model
ModuleNotFoundError: No module named 'transformers'
/mnt/hd1/jwsong/.conda/envs/finEm/lib/python3.10/site-packages/transformers/configuration_utils.py:306: UserWarning: Passing `gradient_checkpointing` to a config initialization is deprecated and will be removed in v5 Transformers. Using `model.gradient_checkpointing_enable()` instead, or if you are using the `Trainer` API, pass `gradient_checkpointing=True` in your `TrainingArguments`.
  warnings.warn(
Using device: cuda

Preprocessing files:   0%|          | 0/1000 [00:00<?, ?it/s]
Preprocessing files:   5%|▍         | 48/1000 [00:00<00:01, 478.76it/s]
Preprocessing files:  11%|█         | 111/1000 [00:00<00:01, 565.29it/s]
Preprocessing files:  18%|█▊        | 175/1000 [00:00<00:01, 598.50it/s]
Preprocessing files:  24%|██▍       | 238/1000 [00:00<00:01, 610.39it/s]
Preprocessing files:  30%|███       | 301/1000 [00:00<00:01, 614.34it/s]
Preprocessing files:  37%|███▋      | 366/1000 [00:00<00:01, 621.50it/s]
Preprocessing files:  43%|████▎     | 431/1000 [00:00<00:00, 629.61it/s]
Preprocessing files:  50%|████▉     | 496/1000 [00:00<00:00, 633.09it/s]
Preprocessing files:  56%|█████▌    | 560/1000 [00:00<00:00, 633.96it/s]
Preprocessing files:  62%|██████▏   | 624/1000 [00:01<00:00, 634.95it/s]
Preprocessing files:  69%|██████▉   | 688/1000 [00:01<00:00, 632.57it/s]
Preprocessing files:  75%|███████▌  | 752/1000 [00:01<00:00, 628.58it/s]
Preprocessing files:  82%|████████▏ | 816/1000 [00:01<00:00, 631.03it/s]
Preprocessing files:  88%|████████▊ | 880/1000 [00:01<00:00, 628.85it/s]
Preprocessing files:  94%|█████████▍| 944/1000 [00:01<00:00, 632.04it/s]
Preprocessing files: 100%|██████████| 1000/1000 [00:01<00:00, 623.77it/s]
Training started...

  0%|          | 0/10 [00:00<?, ?it/s]
 10%|█         | 1/10 [03:47<34:03, 227.02s/it]
 20%|██        | 2/10 [07:41<30:50, 231.35s/it]
 30%|███       | 3/10 [11:31<26:54, 230.65s/it]
 40%|████      | 4/10 [15:19<22:59, 229.85s/it]
 50%|█████     | 5/10 [19:08<19:07, 229.48s/it]
 60%|██████    | 6/10 [22:57<15:16, 229.17s/it]
 70%|███████   | 7/10 [26:46<11:28, 229.35s/it]
 80%|████████  | 8/10 [30:36<07:38, 229.36s/it]
 90%|█████████ | 9/10 [34:26<03:49, 229.46s/it]
100%|██████████| 10/10 [38:16<00:00, 229.66s/it]
100%|██████████| 10/10 [38:16<00:00, 229.61s/it]
Epoch [1/10], Loss: 1.7009, Accuracy: 0.3610
Epoch [2/10], Loss: 1.5228, Accuracy: 0.3730
Epoch [3/10], Loss: 1.8438, Accuracy: 0.3510
Epoch [4/10], Loss: 1.7133, Accuracy: 0.3610
Epoch [5/10], Loss: 1.5928, Accuracy: 0.3670
Epoch [6/10], Loss: 1.5274, Accuracy: 0.3620
Epoch [7/10], Loss: 1.4907, Accuracy: 0.3550
Epoch [8/10], Loss: 1.4693, Accuracy: 0.3650
Epoch [9/10], Loss: 1.4560, Accuracy: 0.3680
Epoch [10/10], Loss: 1.4477, Accuracy: 0.3790
Predicted Label Distribution: {1: 12, 2: 12, 3: 4554, 4: 39, 5: 4, 7: 5379}
Training completed.
